2026-10-01 21:06:51 0 [Note] Starting MariaDB 10.4.32-MariaDB source revision c4143f909528e3fab0677a28631d10389354c491 as process 18628
2026-10-01 21:06:51 0 [Note] InnoDB: Mutexes and rw_locks use Windows interlocked functions
2026-10-01 21:06:51 0 [Note] InnoDB: Uses event mutexes
2026-10-01 21:06:51 0 [Note] InnoDB: Compressed tables use zlib 1.3
2026-10-01 21:06:51 0 [Note] InnoDB: Number of pools: 1
2026-10-01 21:06:51 0 [Note] InnoDB: Using SSE2 crc32 instructions
2026-10-01 21:06:51 0 [Note] InnoDB: Initializing buffer pool, total size = 16M, instances = 1, chunk size = 16M
2026-10-01 21:06:51 0 [Note] InnoDB: Completed initialization of buffer pool
2026-10-01 21:06:51 0 [Note] InnoDB: Starting crash recovery from checkpoint LSN=300288
2026-10-01 21:06:52 0 [Note] InnoDB: 128 out of 128 rollback segments are active.
2026-10-01 21:06:52 0 [Note] InnoDB: Removed temporary tablespace data file: "ibtmp1"
2026-10-01 21:06:52 0 [Note] InnoDB: Creating shared tablespace for temporary tables
2026-10-01 21:06:52 0 [Note] InnoDB: Setting file 'C:\xampp\mysql\data\ibtmp1' size to 12 MB. Physically writing the file full; Please wait ...
2026-10-01 21:06:52 0 [Note] InnoDB: File 'C:\xampp\mysql\data\ibtmp1' size is now 12 MB.
2026-10-01 21:06:52 0 [Note] InnoDB: Waiting for purge to start
2026-10-01 21:06:52 0 [Note] InnoDB: 10.4.32 started; log sequence number 300297; transaction id 170
2026-10-01 21:06:52 0 [Note] InnoDB: Loading buffer pool(s) from C:\xampp\mysql\data\ib_buffer_pool
2026-10-01 21:06:52 0 [Note] Plugin 'FEEDBACK' is disabled.
2026-10-01 21:06:52 0 [Note] InnoDB: Buffer pool(s) load completed at 261001 21:06:52
2026-10-01 21:06:52 0 [Note] Server socket created on IP: '::'.
2026-10-01 21:39:31 0 [Note] Starting MariaDB 10.4.32-MariaDB source revision c4143f909528e3fab0677a28631d10389354c491 as process 22208
2026-10-01 21:39:31 0 [Note] InnoDB: Mutexes and rw_locks use Windows interlocked functions
2026-10-01 21:39:31 0 [Note] InnoDB: Uses event mutexes
2026-10-01 21:39:31 0 [Note] InnoDB: Compressed tables use zlib 1.3
2026-10-01 21:39:31 0 [Note] InnoDB: Number of pools: 1
2026-10-01 21:39:31 0 [Note] InnoDB: Using SSE2 crc32 instructions
2026-10-01 21:39:31 0 [Note] InnoDB: Initializing buffer pool, total size = 16M, instances = 1, chunk size = 16M
2026-10-01 21:39:31 0 [Note] InnoDB: Completed initialization of buffer pool
2026-10-01 21:39:31 0 [Note] InnoDB: Starting crash recovery from checkpoint LSN=300288
2026-10-01 21:39:31 0 [Note] InnoDB: 128 out of 128 rollback segments are active.
2026-10-01 21:39:31 0 [Note] InnoDB: Removed temporary tablespace data file: "ibtmp1"
2026-10-01 21:39:31 0 [Note] InnoDB: Creating shared tablespace for temporary tables
2026-10-01 21:39:31 0 [Note] InnoDB: Setting file 'C:\xampp\mysql\data\ibtmp1' size to 12 MB. Physically writing the file full; Please wait ...
2026-10-01 21:39:31 0 [Note] InnoDB: File 'C:\xampp\mysql\data\ibtmp1' size is now 12 MB.
2026-10-01 21:39:31 0 [Note] InnoDB: Waiting for purge to start
2026-10-01 21:39:31 0 [Note] InnoDB: 10.4.32 started; log sequence number 300297; transaction id 170
2026-10-01 21:39:31 0 [Note] InnoDB: Loading buffer pool(s) from C:\xampp\mysql\data\ib_buffer_pool
2026-10-01 21:39:31 0 [Note] Plugin 'FEEDBACK' is disabled.
2026-10-01 21:39:31 0 [Note] Server socket created on IP: '::'.
2026-10-05 14:20:17 0 [Note] Starting MariaDB 10.4.32-MariaDB source revision c4143f909528e3fab0677a28631d10389354c491 as process 9520
2026-10-05 14:20:17 0 [Note] InnoDB: Mutexes and rw_locks use Windows interlocked functions
2026-10-05 14:20:17 0 [Note] InnoDB: Uses event mutexes
2026-10-05 14:20:17 0 [Note] InnoDB: Compressed tables use zlib 1.3
2026-10-05 14:20:17 0 [Note] InnoDB: Number of pools: 1
2026-10-05 14:20:17 0 [Note] InnoDB: Using SSE2 crc32 instructions
2026-10-05 14:20:17 0 [Note] InnoDB: Initializing buffer pool, total size = 16M, instances = 1, chunk size = 16M
2026-10-05 14:20:17 0 [Note] InnoDB: Completed initialization of buffer pool
2026-10-05 14:20:17 0 [Note] InnoDB: Starting crash recovery from checkpoint LSN=307930
2026-10-05 14:20:17 0 [Note] InnoDB: 128 out of 128 rollback segments are active.
2026-10-05 14:20:17 0 [Note] InnoDB: Removed temporary tablespace data file: "ibtmp1"
2026-10-05 14:20:17 0 [Note] InnoDB: Creating shared tablespace for temporary tables
2026-10-05 14:20:17 0 [Note] InnoDB: Setting file 'C:\xampp\mysql\data\ibtmp1' size to 12 MB. Physically writing the file full; Please wait ...
2026-10-05 14:20:17 0 [Note] InnoDB: File 'C:\xampp\mysql\data\ibtmp1' size is now 12 MB.
2026-10-05 14:20:17 0 [Note] InnoDB: Waiting for purge to start
2026-10-05 14:20:17 0 [Note] InnoDB: 10.4.32 started; log sequence number 307939; transaction id 197
2026-10-05 14:20:17 0 [Note] InnoDB: Loading buffer pool(s) from C:\xampp\mysql\data\ib_buffer_pool
2026-10-05 14:20:17 0 [Note] Plugin 'FEEDBACK' is disabled.
2026-10-05 14:20:17 0 [Note] InnoDB: Buffer pool(s) load completed at 261005 14:20:17
2026-10-05 14:20:17 0 [Note] Server socket created on IP: '::'.
2026-10-08 17:47:48 0 [Note] Starting MariaDB 10.4.32-MariaDB source revision c4143f909528e3fab0677a28631d10389354c491 as process 13772
2026-10-08 17:47:48 0 [Note] InnoDB: Mutexes and rw_locks use Windows interlocked functions
2026-10-08 17:47:48 0 [Note] InnoDB: Uses event mutexes
2026-10-08 17:47:48 0 [Note] InnoDB: Compressed tables use zlib 1.3
2026-10-08 17:47:48 0 [Note] InnoDB: Number of pools: 1
2026-10-08 17:47:48 0 [Note] InnoDB: Using SSE2 crc32 instructions
2026-10-08 17:47:48 0 [Note] InnoDB: Initializing buffer pool, total size = 16M, instances = 1, chunk size = 16M
2026-10-08 17:47:48 0 [Note] InnoDB: Completed initialization of buffer pool
2026-10-08 17:47:48 0 [Note] InnoDB: Starting crash recovery from checkpoint LSN=316264
2026-10-08 17:47:48 0 [Note] InnoDB: 128 out of 128 rollback segments are active.
2026-10-08 17:47:48 0 [Note] InnoDB: Removed temporary tablespace data file: "ibtmp1"
2026-10-08 17:47:48 0 [Note] InnoDB: Creating shared tablespace for temporary tables
2026-10-08 17:47:48 0 [Note] InnoDB: Setting file 'C:\xampp\mysql\data\ibtmp1' size to 12 MB. Physically writing the file full; Please wait ...
2026-10-08 17:47:48 0 [Note] InnoDB: File 'C:\xampp\mysql\data\ibtmp1' size is now 12 MB.
2026-10-08 17:47:48 0 [Note] InnoDB: Waiting for purge to start
2026-10-08 17:47:48 0 [Note] InnoDB: 10.4.32 started; log sequence number 316273; transaction id 223
2026-10-08 17:47:48 0 [Note] InnoDB: Loading buffer pool(s) from C:\xampp\mysql\data\ib_buffer_pool
2026-10-08 17:47:48 0 [Note] Plugin 'FEEDBACK' is disabled.
2026-10-08 17:47:48 0 [Note] Server socket created on IP: '::'.
